../Core/Src/stm32h7xx_it.c:84:6:NMI_Handler	0	static
../Core/Src/stm32h7xx_it.c:99:6:HardFault_Handler	0	static
../Core/Src/stm32h7xx_it.c:114:6:MemManage_Handler	0	static
../Core/Src/stm32h7xx_it.c:129:6:BusFault_Handler	0	static
../Core/Src/stm32h7xx_it.c:144:6:UsageFault_Handler	0	static
../Core/Src/stm32h7xx_it.c:159:6:SVC_Handler	0	static
../Core/Src/stm32h7xx_it.c:172:6:DebugMon_Handler	0	static
../Core/Src/stm32h7xx_it.c:185:6:PendSV_Handler	0	static
../Core/Src/stm32h7xx_it.c:198:6:SysTick_Handler	8	static
../Core/Src/stm32h7xx_it.c:219:6:DMA1_Stream0_IRQHandler	8	static
../Core/Src/stm32h7xx_it.c:233:6:DMA1_Stream1_IRQHandler	8	static
../Core/Src/stm32h7xx_it.c:247:6:DMA1_Stream2_IRQHandler	8	static
../Core/Src/stm32h7xx_it.c:261:6:DMA1_Stream3_IRQHandler	8	static
../Core/Src/stm32h7xx_it.c:275:6:DMA1_Stream4_IRQHandler	8	static
../Core/Src/stm32h7xx_it.c:289:6:DMA1_Stream5_IRQHandler	8	static
../Core/Src/stm32h7xx_it.c:303:6:DMA1_Stream6_IRQHandler	8	static
../Core/Src/stm32h7xx_it.c:317:6:FDCAN1_IT0_IRQHandler	8	static
../Core/Src/stm32h7xx_it.c:331:6:FDCAN2_IT0_IRQHandler	8	static
../Core/Src/stm32h7xx_it.c:345:6:TIM2_IRQHandler	8	static
../Core/Src/stm32h7xx_it.c:359:6:TIM3_IRQHandler	8	static
../Core/Src/stm32h7xx_it.c:373:6:USART1_IRQHandler	8	static
../Core/Src/stm32h7xx_it.c:387:6:USART2_IRQHandler	8	static
../Core/Src/stm32h7xx_it.c:401:6:DMA1_Stream7_IRQHandler	8	static
../Core/Src/stm32h7xx_it.c:415:6:UART5_IRQHandler	8	static
../Core/Src/stm32h7xx_it.c:429:6:UART7_IRQHandler	8	static
